export const snapshot = {};

snapshot[`bitSequence Uint8Array(0) [] 1`] = ``;
