export const snapshot = {};

snapshot[`u8 0 1`] = `00`;

snapshot[`u8 1 1`] = `01`;

snapshot[`u8 2 1`] = `02`;

snapshot[`u8 9 1`] = `09`;

snapshot[`u16 0 1`] = `
00
00
`;

snapshot[`u16 1 1`] = `
01
00
`;

snapshot[`u16 2 1`] = `
02
00
`;

snapshot[`u16 9 1`] = `
09
00
`;

snapshot[`u32 0 1`] = `
00
00
00
00
`;

snapshot[`u32 1 1`] = `
01
00
00
00
`;

snapshot[`u32 2 1`] = `
02
00
00
00
`;

snapshot[`u32 9 1`] = `
09
00
00
00
`;

snapshot[`u64 0n 1`] = `
00
00
00
00
00
00
00
00
`;

snapshot[`u64 1n 1`] = `
01
00
00
00
00
00
00
00
`;

snapshot[`u64 2n 1`] = `
02
00
00
00
00
00
00
00
`;

snapshot[`u64 9n 1`] = `
09
00
00
00
00
00
00
00
`;

snapshot[`u128 0n 1`] = `
00
00
00
00
00
00
00
00
00
00
00
00
00
00
00
00
`;

snapshot[`u128 1n 1`] = `
01
00
00
00
00
00
00
00
00
00
00
00
00
00
00
00
`;

snapshot[`u128 2n 1`] = `
02
00
00
00
00
00
00
00
00
00
00
00
00
00
00
00
`;

snapshot[`u128 9n 1`] = `
09
00
00
00
00
00
00
00
00
00
00
00
00
00
00
00
`;

snapshot[`i8 -9 1`] = `f7`;

snapshot[`i8 -2 1`] = `fe`;

snapshot[`i8 -1 1`] = `ff`;

snapshot[`i8 0 1`] = `00`;

snapshot[`i8 1 1`] = `01`;

snapshot[`i8 2 1`] = `02`;

snapshot[`i8 9 1`] = `09`;

snapshot[`i16 -9 1`] = `
f7
ff
`;

snapshot[`i16 -2 1`] = `
fe
ff
`;

snapshot[`i16 -1 1`] = `
ff
ff
`;

snapshot[`i16 0 1`] = `
00
00
`;

snapshot[`i16 1 1`] = `
01
00
`;

snapshot[`i16 2 1`] = `
02
00
`;

snapshot[`i16 9 1`] = `
09
00
`;

snapshot[`i32 -9 1`] = `
f7
ff
ff
ff
`;

snapshot[`i32 -2 1`] = `
fe
ff
ff
ff
`;

snapshot[`i32 -1 1`] = `
ff
ff
ff
ff
`;

snapshot[`i32 0 1`] = `
00
00
00
00
`;

snapshot[`i32 1 1`] = `
01
00
00
00
`;

snapshot[`i32 2 1`] = `
02
00
00
00
`;

snapshot[`i32 9 1`] = `
09
00
00
00
`;

snapshot[`i64 -9n 1`] = `
f7
ff
ff
ff
ff
ff
ff
ff
`;

snapshot[`i64 -2n 1`] = `
fe
ff
ff
ff
ff
ff
ff
ff
`;

snapshot[`i64 -1n 1`] = `
ff
ff
ff
ff
ff
ff
ff
ff
`;

snapshot[`i64 0n 1`] = `
00
00
00
00
00
00
00
00
`;

snapshot[`i64 1n 1`] = `
01
00
00
00
00
00
00
00
`;

snapshot[`i64 2n 1`] = `
02
00
00
00
00
00
00
00
`;

snapshot[`i64 9n 1`] = `
09
00
00
00
00
00
00
00
`;

snapshot[`i128 -9n 1`] = `
f7
ff
ff
ff
ff
ff
ff
ff
ff
ff
ff
ff
ff
ff
ff
ff
`;

snapshot[`i128 -2n 1`] = `
fe
ff
ff
ff
ff
ff
ff
ff
ff
ff
ff
ff
ff
ff
ff
ff
`;

snapshot[`i128 -1n 1`] = `
ff
ff
ff
ff
ff
ff
ff
ff
ff
ff
ff
ff
ff
ff
ff
ff
`;

snapshot[`i128 0n 1`] = `
00
00
00
00
00
00
00
00
00
00
00
00
00
00
00
00
`;

snapshot[`i128 1n 1`] = `
01
00
00
00
00
00
00
00
00
00
00
00
00
00
00
00
`;

snapshot[`i128 2n 1`] = `
02
00
00
00
00
00
00
00
00
00
00
00
00
00
00
00
`;

snapshot[`i128 9n 1`] = `
09
00
00
00
00
00
00
00
00
00
00
00
00
00
00
00
`;
