export const snapshot = {};

snapshot[`result "ok" 1`] = `
00
08
6f
6b
`;

snapshot[`result StrErr: err 1`] = `
01
0c
65
72
72
`;
