export const snapshot = {};

snapshot[`u8[] [ 1, 2, 3, 4, 5 ] 1`] = `
14
01
02
03
04
05
`;

snapshot[`u8[] [ 6, 7, 8, 9, 10 ] 1`] = `
14
06
07
08
09
0a
`;

snapshot[`u8[] [ 11, 12, 13, 14, 15 ] 1`] = `
14
0b
0c
0d
0e
0f
`;

snapshot[`u8[] [ 16, 17, 18, 19, 20, 21 ] 1`] = `
18
10
11
12
13
14
15
`;

snapshot[`[u8; 0] [] 1`] = ``;

snapshot[`[u8; 1] [ 1 ] 1`] = `01`;

snapshot[`[u8; 2] [ 1, 1 ] 1`] = `
01
01
`;

snapshot[`[u8; 100] [
  1, 1, 1, 1, 1, 1, 1, 1, 1, 1, 1, 1, 1, 1, 1,
  1, 1, 1, 1, 1, 1, 1, 1, 1, 1, 1, 1, 1, 1, 1,
  1, 1, 1, 1, 1, 1, 1, 1, 1, 1, 1, 1, 1, 1, 1,
  1, 1, 1, 1, 1, 1, 1, 1, 1, 1, 1, 1, 1, 1, 1,
  1, 1, 1, 1, 1, 1, 1, 1, 1, 1, 1, 1, 1, 1, 1,
  1, 1, 1, 1, 1, 1, 1, 1, 1, 1, 1, 1, 1, 1, 1,
  1, 1, 1, 1, 1, 1, 1, 1, 1, 1,
] 1`] = `
01
01
01
01
01
01
01
01
01
01
01
01
01
01
01
01
01
01
01
01
01
01
01
01
01
01
01
01
01
01
01
01
01
01
01
01
01
01
01
01
01
01
01
01
01
01
01
01
01
01
01
01
01
01
01
01
01
01
01
01
01
01
01
01
01
01
01
01
01
01
01
01
01
01
01
01
01
01
01
01
01
01
01
01
01
01
01
01
01
01
01
01
01
01
01
01
01
01
01
01
`;
