export const snapshot = {};

snapshot[`foo 1`] = ``;
